01-03 14:29:26.706  1367  1367 D vendor.oplus.hardware.charger-V6-service: oplus_chg_get_cpa_power 2500 charge_online 1 retention_topic 0
01-03 14:29:26.706  1367  1367 D vendor.oplus.hardware.charger-V6-service: getIsSingleHyperSupport=2, cpa_power=2
01-03 14:29:26.750   622 23191 I NearbySharing: Network state changed: NetworkState(isRestricted=false, isOnline=true, isCongested=false, isMetered=false, isWifiConnected=true)
01-03 14:29:26.787  1324  1393 I OriginChannel: wise light debug, data[0].type is 65627,data[0].sensor is 91:[195.000000,,160.000000,,29.000000,0.000000,1871916258402518]
01-03 14:29:26.808  3277  3277 D OplusTelephonyController: onSignalStrengthChanged: SignalStrength=SignalStrength:{mCdma=CellSignalStrengthCdma: cdmaDbm=2147483647 cdmaEcio=2147483647 evdoDbm=2147483647 evdoEcio=2147483647 evdoSnr=2147483647 level=0,mGsm=CellSignalStrengthGsm: rssi=2147483647 ber=2147483647 mTa=2147483647 mLevel=0,mWcdma=CellSignalStrengthWcdma: ss=2147483647 ber=2147483647 rscp=2147483647 ecno=2147483647 level=0,mTdscdma=CellSignalStrengthTdscdma: rssi=2147483647 ber=2147483647 rscp=2147483647 level=0,mLte=CellSignalStrengthLte: rssi=2147483647 rsrp=2147483647 rsrq=2147483647 rssnr=2147483647 cqiTableIndex=2147483647 cqi=2147483647 ta=2147483647 level=0 parametersUseForLevel=0,mNr=CellSignalStrengthNr:{ csiRsrp = 2147483647 csiRsrq = 2147483647 csiCqiTableIndex = 2147483647 csiCqiReport = [] ssRsrp = -107 ssRsrq = -6 ssSinr = 7 level = 1 parametersUseForLevel = 0 timingAdvance = 0 },primary=CellSignalStrengthNr}
01-03 14:29:26.808 23077 23077 D AtCmdParser: [PHONE0]< com.oplus.telephony.AtCmdParser$2@95c49f5 urc ind:+ECSQ: 76,50,-405,1,1,-21,-426,32768,29,78,32767,32767,32767
01-03 14:29:26.809 23077 23077 D SubsysEventListenerManager-SubsysTelephonyCallback[0]: onSignalStrengthsChanged
01-03 14:29:26.813  2929  3095 I SystemUi--Statusbar: MobileConnectionRepositoryImpl-->subId:1 isSoftSimCard:false slotId:0
01-03 14:29:26.887  3332  3800 D CommonApp-1286-10212: transport layer data is invalid
01-03 14:29:26.899 26073 26115 I Finsky  : [2291] AIM: AppInfoManager-Perf > Destroying AppInfoManager ...
01-03 14:29:26.945  1324  1393 I OriginChannel: wise light debug, data[3].type is 65627,data[3].sensor is 91:[197.000000,,160.000000,,29.000000,0.000000,1871916418162134]
01-03 14:29:26.954  1678  2155 D ULogGuard: Monitoring: 2 threads, 0 requests, 0 time-bombs; 15 guards. ResetFlags = 0x7
01-03 14:29:27.105  1324  1393 I OriginChannel: wise light debug, data[0].type is 65627,data[0].sensor is 91:[199.000000,,140.000000,,29.000000,0.000000,1871916578172057]
01-03 14:29:27.265  1324  1393 I OriginChannel: wise light debug, data[4].type is 65627,data[4].sensor is 91:[195.000000,,140.000000,,30.000000,0.000000,1871916738175672]
01-03 14:29:27.272  1722 24188 D AALLightSensor: oldLux=6 [SA:-1 LA:-1] newLux=6 (oriLux: 6)
01-03 14:29:27.428  1324  1393 I OriginChannel: wise light debug, data[0].type is 65627,data[0].sensor is 91:[198.000000,,160.000000,,29.000000,0.000000,1871916898178442]
01-03 14:29:27.478 25192 27691 D CustomLogManagerService: WorkHandler msg.what :5
01-03 14:29:27.479 25192 27691 D CustomLogManagerService: user experience toggle off
01-03 14:29:27.587  1324  1393 I OriginChannel: wise light debug, data[4].type is 65627,data[4].sensor is 91:[198.000000,,140.000000,,28.000000,0.000000,1871917058183422]
01-03 14:29:27.747  1324  1393 I OriginChannel: wise light debug, data[0].type is 65627,data[0].sensor is 91:[197.000000,,160.000000,,29.000000,0.000000,1871917218156634]
01-03 14:29:27.906  1324  1393 I OriginChannel: wise light debug, data[4].type is 65627,data[4].sensor is 91:[198.000000,,160.000000,,29.000000,0.000000,1871917378160231]
01-03 14:29:27.910  3332  3800 D CommonApp-1286-10212: transport layer data is invalid
01-03 14:29:28.067  1324  1393 I OriginChannel: wise light debug, data[0].type is 65627,data[0].sensor is 91:[196.000000,,140.000000,,29.000000,0.000000,1871917538161813]
01-03 14:29:28.140  6888 30911 D ShellSubscriberWorkerThread: the first 8 bytes empty, and RestData length > 8 
01-03 14:29:28.227  1324  1393 I OriginChannel: wise light debug, data[3].type is 65627,data[3].sensor is 91:[195.000000,,140.000000,,29.000000,0.000000,1871917698164260]
01-03 14:29:28.237 30223 30223 I wpa_supplicant: wlan0: command[CURRENT_RSSI -68], reply:SUCCESS
01-03 14:29:28.238  2280  2736 D OplusWifiPower_TriggerCenter: mComponentCallback: wifistat
01-03 14:29:28.238 23077 23077 D VendorWifiService: onEvent event:9,action:1
01-03 14:29:28.239  1319  1961 I hwcomposer: [DRMDEV] (0:114) failed to waitNextVsync: -1  
01-03 14:29:28.243  1319  1961 I hwcomposer: [DRMDEV] (0:114) failed to waitNextVsync: -1  
01-03 14:29:28.246  1319  1961 I hwcomposer: [DRMDEV] (0:114) failed to waitNextVsync: -1  
01-03 14:29:28.265  1440  1440 I BufferQueueProducer: [StatusBar#96](this:0xb4000072f7d339e0,id:-1,api:0,p:-1,c:1440) queueBuffer: fps=0.99 dur=2018.05 max=2001.11 min=16.95
01-03 14:29:28.269  1319  1353 I hwcomposer: [HWCDisplay] (0 updateFps():4192), (type:1, mode:2) fps:0.990053,dur:2020.09,max:2001.54,min:18.56  
01-03 14:29:28.387  1324  1393 I OriginChannel: wise light debug, data[0].type is 65627,data[0].sensor is 91:[197.000000,,160.000000,,29.000000,0.000000,1871917858171953]
01-03 14:29:28.390  1440  4133 D SurfaceFlinger: captureDisplay from pid 1440 uid -1 display 4627039422300187648
01-03 14:29:28.547  1324  1393 I OriginChannel: wise light debug, data[4].type is 65627,data[4].sensor is 91:[195.000000,,140.000000,,30.000000,0.000000,1871918018177429]
01-03 14:29:28.705  1324  1393 I OriginChannel: wise light debug, data[0].type is 65627,data[0].sensor is 91:[197.000000,,140.000000,,29.000000,0.000000,1871918177706475]
01-03 14:29:28.864  1324  1393 I OriginChannel: wise light debug, data[0].type is 65627,data[0].sensor is 91:[195.000000,,160.000000,,29.000000,0.000000,1871918337714481]
01-03 14:29:28.935  3332  3800 D CommonApp-1286-10212: transport layer data is invalid
01-03 14:29:29.024  1324  1393 I OriginChannel: wise light debug, data[3].type is 65627,data[3].sensor is 91:[196.000000,,120.000000,,29.000000,0.000000,1871918497711005]
01-03 14:29:29.186  1324  1393 I OriginChannel: wise light debug, data[0].type is 65627,data[0].sensor is 91:[197.000000,,100.000000,,29.000000,0.000000,1871918658042072]
01-03 14:29:29.249   622   622 D BoundBrokerSvc: onUnbind: Intent { act=com.google.android.gms.common.telemetry.service.START dat=chimera-action:/... cmp=com.google.android.gms/.chimera.PersistentApiService mCallingUid=10249 }
01-03 14:29:29.345  1324  1393 I OriginChannel: wise light debug, data[4].type is 65627,data[4].sensor is 91:[195.000000,,120.000000,,29.000000,0.000000,1871918818160596]
01-03 14:29:29.505  1324  1393 I OriginChannel: wise light debug, data[4].type is 65627,data[4].sensor is 91:[197.000000,,160.000000,,29.000000,0.000000,1871918978158366]
01-03 14:29:29.549  7051 16935 D gaia-GaiaConnectChecker: start connect check++
01-03 14:29:29.608  2280  2803 W Binder  : Outgoing transactions from this process must be FLAG_ONEWAY
01-03 14:29:29.608  2280  2803 W Binder  : java.lang.Throwable
01-03 14:29:29.608  2280  2803 W Binder  : 	at android.os.BinderProxy.transact(BinderProxy.java:633)
01-03 14:29:29.608  2280  2803 W Binder  : 	at android.content.ContentProviderProxy.insert(ContentProviderNative.java:587)
01-03 14:29:29.608  2280  2803 W Binder  : 	at android.content.ContentProviderClient.insert(ContentProviderClient.java:347)
01-03 14:29:29.608  2280  2803 W Binder  : 	at android.content.ContentProviderClient.insert(ContentProviderClient.java:336)
01-03 14:29:29.608  2280  2803 W Binder  : 	at com.oplus.util.OplusStatisticsImpl.insert(OplusStatisticsImpl.java:307)
01-03 14:29:29.608  2280  2803 W Binder  : 	at com.oplus.util.OplusStatisticsImpl.sendDataToDCS(OplusStatisticsImpl.java:287)
01-03 14:29:29.608  2280  2803 W Binder  : 	at com.oplus.util.OplusStatisticsImpl.flushInternal(OplusStatisticsImpl.java:264)
01-03 14:29:29.608  2280  2803 W Binder  : 	at com.oplus.util.OplusStatisticsImpl.lambda$setDelayFlushJobIfNeed$4(OplusStatisticsImpl.java:211)
01-03 14:29:29.608  2280  2803 W Binder  : 	at com.oplus.util.OplusStatisticsImpl.$r8$lambda$4UYTp2NCu6Rml69JNqEuK7o54SI(Unknown Source:0)
01-03 14:29:29.608  2280  2803 W Binder  : 	at com.oplus.util.OplusStatisticsImpl$$ExternalSyntheticLambda5.run(D8$$SyntheticClass:0)
01-03 14:29:29.608  2280  2803 W Binder  : 	at java.util.concurrent.Executors$RunnableAdapter.call(Executors.java:520)
01-03 14:29:29.608  2280  2803 W Binder  : 	at java.util.concurrent.FutureTask.run(FutureTask.java:317)
01-03 14:29:29.608  2280  2803 W Binder  : 	at java.util.concurrent.ScheduledThreadPoolExecutor$ScheduledFutureTask.run(ScheduledThreadPoolExecutor.java:348)
01-03 14:29:29.608  2280  2803 W Binder  : 	at java.util.concurrent.ThreadPoolExecutor.runWorker(ThreadPoolExecutor.java:1154)
01-03 14:29:29.608  2280  2803 W Binder  : 	at java.util.concurrent.ThreadPoolExecutor$Worker.run(ThreadPoolExecutor.java:652)
01-03 14:29:29.608  2280  2803 W Binder  : 	at java.lang.Thread.run(Thread.java:1563)
01-03 14:29:29.664  1324  1393 I OriginChannel: wise light debug, data[0].type is 65627,data[0].sensor is 91:[197.000000,,160.000000,,29.000000,0.000000,1871919137696202]
01-03 14:29:29.824  1324  1393 I OriginChannel: wise light debug, data[4].type is 65627,data[4].sensor is 91:[197.000000,,80.000000,,29.000000,0.000000,1871919298206020]
01-03 14:29:29.955  1678  2155 D ULogGuard: Monitoring: 2 threads, 0 requests, 0 time-bombs; 15 guards. ResetFlags = 0x7
01-03 14:29:29.961  3332  3800 D CommonApp-1286-10212: transport layer data is invalid
01-03 14:29:29.985  1324  1393 I OriginChannel: wise light debug, data[0].type is 65627,data[0].sensor is 91:[196.000000,,140.000000,,29.000000,0.000000,1871919458176168]
01-03 14:29:30.082  3332  3800 D CommonApp-1286-10212: DefaultState EVENT_SCENARIOS_CHANGE
01-03 14:29:30.082  3332  3800 D CommonApp-1286-10212: scene=COMMON pn=com.google.android.packageinstaller
01-03 14:29:30.145  1324  1393 I OriginChannel: wise light debug, data[3].type is 65627,data[3].sensor is 91:[196.000000,,160.000000,,29.000000,0.000000,1871919618178938]
01-03 14:29:30.250 23077 23077 D VendorWifiService: onEvent event:9,action:1
01-03 14:29:30.307  1324  1393 I OriginChannel: wise light debug, data[0].type is 65627,data[0].sensor is 91:[197.000000,,140.000000,,29.000000,0.000000,1871919778183875]
01-03 14:29:30.465  1324  1393 I OriginChannel: wise light debug, data[4].type is 65627,data[4].sensor is 91:[195.000000,,140.000000,,29.000000,0.000000,1871919938156265]
01-03 14:29:30.582  3332  3800 D UlPriorityPolicyForeground: match: config has not com.google.android.packageinstaller
01-03 14:29:30.627  1324  1393 I OriginChannel: wise light debug, data[0].type is 65627,data[0].sensor is 91:[197.000000,,120.000000,,29.000000,0.000000,1871920098160870]
01-03 14:29:30.665  1367  1470 D vendor.oplus.hardware.charger-V6-service: ret_value:128, read content:,300,214,4040,4024,-282,500,2200,65,65,1,4,-1,4768,65,1,0,1,1,0,0,4465,0,0,0,0,0,0,0,281,0,1,1,0,0,61,61,61,0,0,0,0,0,0,0,0,0,0
01-03 14:29:30.666  1367  1470 D vendor.oplus.hardware.charger-V6-service: gmtime: 2026-01-03-14-29-30
01-03 14:29:30.666  1367  1470 D vendor.oplus.hardware.charger-V6-service: usb_online:1, ac_online:0, wireless_online:-2147483648
01-03 14:29:30.787  1324  1393 I OriginChannel: wise light debug, data[0].type is 65627,data[0].sensor is 91:[198.000000,,160.000000,,29.000000,0.000000,1871920258164471]
01-03 14:29:30.795   622 23191 I NearbyMediums: No BLE Fast/GATT advertisements found in the latest cycle.
01-03 14:29:30.796   622 23191 I NearbyMediums: Current Tracked Scanning Clients are : {NearbyConnections.EnvironmentMonitor, NearbySharing}
01-03 14:29:30.835 23077 23077 D SubsysEventListenerManager-SubsysTelephonyCallback[1]: onSignalStrengthsChanged
01-03 14:29:30.837 23077 23077 D AtCmdParser: [PHONE1]< com.oplus.telephony.AtCmdParser$2@95c49f5 urc ind:+ECSQ: 7,42,-329,1,1,-66,-395,4096,-12,1
01-03 14:29:30.842  2929  3095 I SystemUi--Statusbar: MobileConnectionRepositoryImpl-->subId:5 isSoftSimCard:false slotId:1
01-03 14:29:30.945  1324  1393 I OriginChannel: wise light debug, data[4].type is 65627,data[4].sensor is 91:[196.000000,,160.000000,,29.000000,0.000000,1871920418167020]
01-03 14:29:30.982  3332  3800 D CommonApp-1286-10212: transport layer data is invalid
01-03 14:29:31.107  1324  1393 I OriginChannel: wise light debug, data[0].type is 65627,data[0].sensor is 91:[196.000000,,160.000000,,29.000000,0.000000,1871920578171914]
01-03 14:29:31.267  1324  1393 I OriginChannel: wise light debug, data[3].type is 65627,data[3].sensor is 91:[195.000000,,120.000000,,29.000000,0.000000,1871920738173674]
01-03 14:29:31.275  1321  1321 D healthd : system healthd: battery l=65 v=4 t=28.1 h=2 st=2 c=-243 fc=4823000 cc=237 chg=u
01-03 14:29:31.364  1321  1321 D healthd : system healthd: battery l=65 v=4 t=28.1 h=2 st=2 c=-253 fc=4823000 cc=237 chg=u
01-03 14:29:31.425  1324  1393 I OriginChannel: wise light debug, data[0].type is 65627,data[0].sensor is 91:[196.000000,,160.000000,,29.000000,0.000000,1871920898179519]
01-03 14:29:31.432  1722 24188 D AALLightSensor: oldLux=6 [SA:-1 LA:-1] newLux=6 (oriLux: 6)
01-03 14:29:31.585  1324  1393 I OriginChannel: wise light debug, data[4].type is 65627,data[4].sensor is 91:[198.000000,,160.000000,,29.000000,0.000000,1871921058181673]
01-03 14:29:31.593  1367  1367 D vendor.oplus.hardware.charger-V6-service: get_ui_charge_icon_type 0 0 0 0 0
01-03 14:29:31.595  1367  1367 D vendor.oplus.hardware.charger-V6-service: oplus_chg_get_cpa_power 2500 charge_online 1 retention_topic 0
01-03 14:29:31.597  1367  1367 D vendor.oplus.hardware.charger-V6-service: oplus_chg_get_cpa_power 2500 charge_online 1 retention_topic 0
01-03 14:29:31.597  1367  1367 D vendor.oplus.hardware.charger-V6-service: getIsSingleHyperSupport=2, cpa_power=2
01-03 14:29:31.736  1367  1367 D vendor.oplus.hardware.charger-V6-service: get_ui_charge_icon_type 0 0 0 0 0
01-03 14:29:31.738  1367  1367 D vendor.oplus.hardware.charger-V6-service: oplus_chg_get_cpa_power 2500 charge_online 1 retention_topic 0
01-03 14:29:31.740  1367  1367 D vendor.oplus.hardware.charger-V6-service: oplus_chg_get_cpa_power 2500 charge_online 1 retention_topic 0
01-03 14:29:31.740  1367  1367 D vendor.oplus.hardware.charger-V6-service: getIsSingleHyperSupport=2, cpa_power=2
01-03 14:29:31.745  1324  1393 I OriginChannel: wise light debug, data[0].type is 65627,data[0].sensor is 91:[196.000000,,140.000000,,29.000000,0.000000,1871921218184519]
01-03 14:29:31.905  1324  1393 I OriginChannel: wise light debug, data[4].type is 65627,data[4].sensor is 91:[197.000000,,160.000000,,29.000000,0.000000,1871921377715885]
01-03 14:29:32.005  3332  3800 D CommonApp-1286-10212: transport layer data is invalid
01-03 14:29:32.067  1324  1393 I OriginChannel: wise light debug, data[0].type is 65627,data[0].sensor is 91:[198.000000,,160.000000,,29.000000,0.000000,1871921538153947]
01-03 14:29:32.227  1324  1393 I OriginChannel: wise light debug, data[4].type is 65627,data[4].sensor is 91:[198.000000,,120.000000,,29.000000,0.000000,1871921698156837]
01-03 14:29:32.273  2280  2736 D OplusWifiPower_TriggerCenter: mComponentCallback: wifistat
01-03 14:29:32.274 23077 23077 D VendorWifiService: onEvent event:9,action:1
01-03 14:29:32.385  1324  1393 I OriginChannel: wise light debug, data[0].type is 65627,data[0].sensor is 91:[195.000000,,160.000000,,29.000000,0.000000,1871921858167235]
01-03 14:29:32.435  1681  1681 I thermal_repeater: [recvMdThermalInfo] ret=22, strLen=127,  4, 33, 0, 0, 32767, 0
01-03 14:29:32.546  1324  1393 I OriginChannel: wise light debug, data[3].type is 65627,data[3].sensor is 91:[197.000000,,140.000000,,29.000000,0.000000,1871922018168880]
01-03 14:29:32.705  1324  1393 I OriginChannel: wise light debug, data[0].type is 65627,data[0].sensor is 91:[196.000000,,140.000000,,29.000000,0.000000,1871922178224518]
01-03 14:29:32.865  1324  1393 I OriginChannel: wise light debug, data[0].type is 65627,data[0].sensor is 91:[198.000000,,160.000000,,29.000000,0.000000,1871922338181826]
